Traceback (most recent call last):
  File "/Users/talia/opt/anaconda3/bin/scripts_of/__main__.py", line 1678, in main
    ptm_initialised = parallel_task_manager.ParallelTaskManager_singleton()
  File "/Users/talia/opt/anaconda3/bin/scripts_of/parallel_task_manager.py", line 321, in __init__
    ParallelTaskManager_singleton.instance = ParallelTaskManager_singleton.__Singleton()
  File "/Users/talia/opt/anaconda3/bin/scripts_of/parallel_task_manager.py", line 316, in __init__
    self.manager_process.start()
  File "/Users/talia/opt/anaconda3/lib/python3.9/multiprocessing/process.py", line 121, in start
    self._popen = self._Popen(self)
  File "/Users/talia/opt/anaconda3/lib/python3.9/multiprocessing/context.py", line 224, in _Popen
    return _default_context.get_context().Process._Popen(process_obj)
  File "/Users/talia/opt/anaconda3/lib/python3.9/multiprocessing/context.py", line 284, in _Popen
    return Popen(process_obj)
  File "/Users/talia/opt/anaconda3/lib/python3.9/multiprocessing/popen_spawn_posix.py", line 32, in __init__
    super().__init__(process_obj)
  File "/Users/talia/opt/anaconda3/lib/python3.9/multiprocessing/popen_fork.py", line 19, in __init__
    self._launch(process_obj)
  File "/Users/talia/opt/anaconda3/lib/python3.9/multiprocessing/popen_spawn_posix.py", line 42, in _launch
    prep_data = spawn.get_preparation_data(process_obj._name)
  File "/Users/talia/opt/anaconda3/lib/python3.9/multiprocessing/spawn.py", line 154, in get_preparation_data
    _check_not_importing_main()
  File "/Users/talia/opt/anaconda3/lib/python3.9/multiprocessing/spawn.py", line 134, in _check_not_importing_main
    raise RuntimeError('''
RuntimeError: 
        An attempt has been made to start a new process before the
        current process has finished its bootstrapping phase.

        This probably means that you are not using fork to start your
        child processes and you have forgotten to use the proper idiom
        in the main module:

            if __name__ == '__main__':
                freeze_support()
                ...

        The "freeze_support()" line can be omitted if the program
        is not going to be frozen to produce an executable.

During handling of the above exception, another exception occurred:

Traceback (most recent call last):
  File "<string>", line 1, in <module>
  File "/Users/talia/opt/anaconda3/lib/python3.9/multiprocessing/spawn.py", line 116, in spawn_main
    exitcode = _main(fd, parent_sentinel)
  File "/Users/talia/opt/anaconda3/lib/python3.9/multiprocessing/spawn.py", line 125, in _main
    prepare(preparation_data)
  File "/Users/talia/opt/anaconda3/lib/python3.9/multiprocessing/spawn.py", line 236, in prepare
    _fixup_main_from_path(data['init_main_from_path'])
  File "/Users/talia/opt/anaconda3/lib/python3.9/multiprocessing/spawn.py", line 287, in _fixup_main_from_path
    main_content = runpy.run_path(main_path,
  File "/Users/talia/opt/anaconda3/lib/python3.9/runpy.py", line 288, in run_path
    return _run_module_code(code, init_globals, run_name,
  File "/Users/talia/opt/anaconda3/lib/python3.9/runpy.py", line 97, in _run_module_code
    _run_code(code, mod_globals, init_globals,
  File "/Users/talia/opt/anaconda3/lib/python3.9/runpy.py", line 87, in _run_code
    exec(code, run_globals)
  File "/Users/talia/opt/anaconda3/bin/orthofinder", line 7, in <module>
    main(args)
  File "/Users/talia/opt/anaconda3/bin/scripts_of/__main__.py", line 1771, in main
    ptm = parallel_task_manager.ParallelTaskManager_singleton()
  File "/Users/talia/opt/anaconda3/bin/scripts_of/parallel_task_manager.py", line 321, in __init__
    ParallelTaskManager_singleton.instance = ParallelTaskManager_singleton.__Singleton()
  File "/Users/talia/opt/anaconda3/bin/scripts_of/parallel_task_manager.py", line 316, in __init__
    self.manager_process.start()
  File "/Users/talia/opt/anaconda3/lib/python3.9/multiprocessing/process.py", line 121, in start
    self._popen = self._Popen(self)
  File "/Users/talia/opt/anaconda3/lib/python3.9/multiprocessing/context.py", line 224, in _Popen
    return _default_context.get_context().Process._Popen(process_obj)
  File "/Users/talia/opt/anaconda3/lib/python3.9/multiprocessing/context.py", line 284, in _Popen
    return Popen(process_obj)
  File "/Users/talia/opt/anaconda3/lib/python3.9/multiprocessing/popen_spawn_posix.py", line 32, in __init__
    super().__init__(process_obj)
  File "/Users/talia/opt/anaconda3/lib/python3.9/multiprocessing/popen_fork.py", line 19, in __init__
    self._launch(process_obj)
  File "/Users/talia/opt/anaconda3/lib/python3.9/multiprocessing/popen_spawn_posix.py", line 42, in _launch
    prep_data = spawn.get_preparation_data(process_obj._name)
  File "/Users/talia/opt/anaconda3/lib/python3.9/multiprocessing/spawn.py", line 154, in get_preparation_data
    _check_not_importing_main()
  File "/Users/talia/opt/anaconda3/lib/python3.9/multiprocessing/spawn.py", line 134, in _check_not_importing_main
    raise RuntimeError('''
RuntimeError: 
        An attempt has been made to start a new process before the
        current process has finished its bootstrapping phase.

        This probably means that you are not using fork to start your
        child processes and you have forgotten to use the proper idiom
        in the main module:

            if __name__ == '__main__':
                freeze_support()
                ...

        The "freeze_support()" line can be omitted if the program
        is not going to be frozen to produce an executable.

OrthoFinder version 2.4.0 Copyright (C) 2014 David Emms

ERROR: non-default output directory already exists: /Users/talia/Documents/GitHub/TnSeq_Pseudomonas_Genotype/output_data/orthology_host_run/orthofinder_pair_run_20251210_163408/

ERROR: An error occurred, ***please review the error messages*** they may contain useful information about the problem.
